{
  "created_at": "{TIMESTAMP}",
  "duration_ms": {DURATION_MS},
  "id": "{INTERACTION_ID_5}",
  "interaction_type": "tool_call",
  "server_name": "orchestrator",
  "tool_name": "dispatch_agent"
}

=== TOOL_ARGUMENTS ===
{
  "name": "LogAnalyzer",
  "task": "Find all error patterns in the last 30 minutes"
}

=== TOOL_RESULT ===
{
  "content": "{\"execution_id\":\"{EXEC_ID_2}\",\"status\":\"accepted\"}\n\nAgent \"LogAnalyzer\" dispatched (execution: {EXEC_ID_2}). Its result will be delivered automatically as a follow-up message. Do NOT predict or fabricate what this agent will find — memory from past incidents is NOT a substitute. Wait for the actual delivered result. Track this agent in your checklist — do not finalize until all dispatched agents report back.",
  "is_error": false
}
