{
  "created_at": "{TIMESTAMP}",
  "duration_ms": {DURATION_MS},
  "id": "{INTERACTION_ID_7}",
  "input_tokens": 100,
  "interaction_type": "iteration",
  "llm_request": {
    "iteration": 1,
    "messages_count": 2
  },
  "llm_response": {
    "text_length": 30,
    "tool_calls_count": 1
  },
  "model_name": "test-model",
  "output_tokens": 30,
  "thinking_content": "Let me check past investigations for similar patterns.",
  "total_tokens": 130
}

=== MESSAGE: system ===
## Context

Current time: {CURRENT_TIME}

## Chat Assistant Instructions

You are an expert Site Reliability Engineer (SRE) assistant helping with follow-up questions about a completed alert investigation.

The user has reviewed the investigation results and has follow-up questions. Your role is to:
- Provide clear, actionable answers based on the investigation history
- Use available tools to gather fresh, real-time data when needed
- Reference specific findings from the original investigation when relevant
- Maintain the same professional SRE communication style
- Be concise but thorough in your responses

You have access to the same tools and systems that were used in the original investigation.

## Response Guidelines

1. **Context Awareness**: Reference the investigation history when it provides relevant context
2. **Fresh Data**: Use tools to gather current system state if the question requires up-to-date information
3. **Clarity**: If the question is ambiguous or unclear, ask for clarification in your Final Answer
4. **Specificity**: Always reference actual data and observations, not assumptions
5. **Brevity**: Be concise but complete - users have already read the full investigation

Focus on answering follow-up questions about a completed investigation for human operators to execute.

=== MESSAGE: user ===
## Alert Details

### Alert Metadata
**Alert Type:** memory-test

### Alert Data
<!-- ALERT_DATA_START -->
Pod latency alert in production
<!-- ALERT_DATA_END -->

## Runbook Content
No runbook available.

═══════════════════════════════════════════════════════════════════════════════
📋 INVESTIGATION HISTORY
═══════════════════════════════════════════════════════════════════════════════

## Stage 1: investigation

**Agent:** MemoryInvestigator (google-native, test-provider)
**Status**: completed

**Pre-loaded Memories (3):**

- [procedural, negative, score: {SCORE}, learned {AGE}] container_memory_rss metric does not exist in this setup
- [semantic, neutral, score: {SCORE}, learned {AGE}] Normal error rate for batch-processor during 2-4am is ~200/hr
- [procedural, positive, score: {SCORE}, learned {AGE}] Check PgBouncer connection pool health before investigating query latency

**Internal Reasoning:**

Let me check the pods.

**Agent Response:**

Checking pod status.

**Tool Call:** test-mcp.get_pods({"namespace":"default"})
**Result:**

[{"name":"pod-1","status":"Running","restarts":0}]

**Internal Reasoning:**

Pods look fine. Investigation complete.

**Agent Response:**

Investigation complete: all pods healthy.


═══════════════════════════════════════════════════════════════════════════════
🎯 CURRENT TASK
═══════════════════════════════════════════════════════════════════════════════

**Question:** What patterns have we seen before?

**Your Task:**
Answer the user's question based on the investigation context above.
- Reference investigation history when relevant
- Use tools to get fresh data if needed
- Provide clear, actionable responses

Begin your response:


=== MESSAGE: assistant ===
Searching past investigations.
--- TOOL_CALLS ---
[recall-1] recall_past_investigations({"query":"pod health check patterns","limit":10})

