{
  "created_at": "{TIMESTAMP}",
  "duration_ms": {DURATION_MS},
  "id": "{INTERACTION_ID_11}",
  "interaction_type": "tool_call",
  "server_name": "",
  "tool_name": "recall_past_investigations"
}

=== TOOL_ARGUMENTS ===
{
  "limit": 10,
  "query": "pod health check patterns"
}

=== TOOL_RESULT ===
{
  "content": "\u003chistorical_context\u003e\nFound 3 relevant memories:\n\n1. [procedural, positive, score: {SCORE}, learned {AGE}] Check PgBouncer connection pool health before investigating query latency\n2. [semantic, neutral, score: {SCORE}, learned {AGE}] Normal error rate for batch-processor during 2-4am is ~200/hr\n3. [procedural, negative, score: {SCORE}, learned {AGE}] container_memory_rss metric does not exist in this setup\n\nThese are learnings from PAST incidents — they suggest where to look, not what you will find NOW.\n\u003c/historical_context\u003e",
  "is_error": false
}
