{
  "created_at": "{TIMESTAMP}",
  "duration_ms": {DURATION_MS},
  "id": "{INTERACTION_ID_13}",
  "input_tokens": 250,
  "interaction_type": "iteration",
  "llm_request": {
    "iteration": 2,
    "messages_count": 4
  },
  "llm_response": {
    "text_length": 104,
    "tool_calls_count": 0
  },
  "model_name": "test-model",
  "output_tokens": 40,
  "thinking_content": "Based on the skill content, pods are the smallest unit.",
  "total_tokens": 290
}

=== MESSAGE: system ===
## Context

Current time: {CURRENT_TIME}

## Chat Assistant Instructions

You are an expert Site Reliability Engineer (SRE) assistant helping with follow-up questions about a completed alert investigation.

The user has reviewed the investigation results and has follow-up questions. Your role is to:
- Provide clear, actionable answers based on the investigation history
- Use available tools to gather fresh, real-time data when needed
- Reference specific findings from the original investigation when relevant
- Maintain the same professional SRE communication style
- Be concise but thorough in your responses

You have access to the same tools and systems that were used in the original investigation.

## Available Skills

Skills provide domain-specific knowledge that may help with your task.
The following additional skills can be loaded on demand using the `load_skill` tool.
Scan the descriptions and decide:
- If one or more match your task: load them before proceeding.
- If none match: skip and proceed without them.

<available_skills>
- **kubernetes-basics**: Core Kubernetes concepts including pods, deployments, services, and common troubleshooting patterns.
- **networking**: Network troubleshooting skills including DNS resolution, TCP connectivity, and packet analysis.
</available_skills>

## Response Guidelines

1. **Context Awareness**: Reference the investigation history when it provides relevant context
2. **Fresh Data**: Use tools to gather current system state if the question requires up-to-date information
3. **Clarity**: If the question is ambiguous or unclear, ask for clarification in your Final Answer
4. **Specificity**: Always reference actual data and observations, not assumptions
5. **Brevity**: Be concise but complete - users have already read the full investigation

Focus on answering follow-up questions about a completed investigation for human operators to execute.

=== MESSAGE: user ===
## Alert Details

### Alert Metadata
**Alert Type:** test-skills

### Alert Data
<!-- ALERT_DATA_START -->
Pod OOMKilled in production
<!-- ALERT_DATA_END -->

## Runbook Content
No runbook available.

═══════════════════════════════════════════════════════════════════════════════
📋 INVESTIGATION HISTORY
═══════════════════════════════════════════════════════════════════════════════

## Stage 1: investigation

**Agent:** SkillInvestigator (google-native, test-provider)
**Status**: completed

**Pre-loaded Skill: kubernetes-basics**


# Kubernetes Basics

## Pods
A pod is the smallest deployable unit in Kubernetes.

## Deployments
Deployments manage ReplicaSets and provide declarative updates.

## Services
Services expose pods to network traffic via stable endpoints.


**Internal Reasoning:**

Let me load the networking skill for this investigation.

**Agent Response:**

Loading networking knowledge.

**Tool Call:** ## Skill: networking


# Networking

## DNS Resolution
Use dig and nslookup to diagnose DNS issues.

## TCP Connectivity
Use netcat and telnet to test port connectivity.

**Result:**

## Skill: networking


# Networking

## DNS Resolution
Use dig and nslookup to diagnose DNS issues.

## TCP Connectivity
Use netcat and telnet to test port connectivity.


**Internal Reasoning:**

Now let me check the pod status.

**Agent Response:**

Checking pods.

**Tool Call:** test-mcp.get_pods({"namespace":"default"})
**Result:**

[{"name":"pod-1","namespace":"default","status":"OOMKilled","restarts":5}]

**Internal Reasoning:**

Pod is OOMKilled. The networking skill confirms connectivity is fine.

**Agent Response:**

Investigation complete: pod-1 is OOMKilled. Network connectivity verified.

## Stage 2: remediation

**Agent:** SkillRemediator (google-native, test-provider)
**Status**: completed

**Internal Reasoning:**

The investigation found OOM issues. Recommending memory increase.

**Agent Response:**

Remediation: increase memory limit for pod-1 to 1Gi.


═══════════════════════════════════════════════════════════════════════════════
🎯 CURRENT TASK
═══════════════════════════════════════════════════════════════════════════════

**Question:** What is a Kubernetes pod?

**Your Task:**
Answer the user's question based on the investigation context above.
- Reference investigation history when relevant
- Use tools to get fresh data if needed
- Provide clear, actionable responses

Begin your response:


=== MESSAGE: assistant ===
Loading Kubernetes knowledge.
--- TOOL_CALLS ---
[chat-skill-1] load_skill({"names":["kubernetes-basics"]})

=== MESSAGE: tool (chat-skill-1, load_skill) ===
## Skill: kubernetes-basics


# Kubernetes Basics

## Pods
A pod is the smallest deployable unit in Kubernetes.

## Deployments
Deployments manage ReplicaSets and provide declarative updates.

## Services
Services expose pods to network traffic via stable endpoints.


=== MESSAGE: assistant ===
A pod is the smallest deployable unit in Kubernetes. The OOMKilled pod needs its memory limit increased.

