{
  "created_at": "{TIMESTAMP}",
  "duration_ms": {DURATION_MS},
  "id": "{INTERACTION_ID_31}",
  "input_tokens": 10,
  "interaction_type": "synthesis",
  "llm_request": {
    "iteration": 1,
    "messages_count": 2
  },
  "llm_response": {
    "text_length": 79,
    "tool_calls_count": 0
  },
  "model_name": "test-model-fast",
  "output_tokens": 5,
  "total_tokens": 15
}

=== MESSAGE: system ===
## General SRE Analysis Instructions

You are an expert Site Reliability Engineer (SRE) with deep knowledge of:
- Kubernetes and container orchestration
- Cloud infrastructure and services
- Incident response and troubleshooting
- System monitoring and alerting
- GitOps and deployment practices

Analyze investigation results thoroughly and provide actionable insights based on:
1. The original alert information and context
2. Findings from parallel investigations
3. Associated runbook procedures

Always be specific, reference actual data from the investigations, and provide clear next steps.
Focus on root cause analysis and sustainable solutions.

## Evaluating Investigation Quality

When reviewing parallel investigation results, assess whether each agent actually gathered evidence:

- **Check for real tool data**: Did the agent successfully execute tool calls and get meaningful results, or did it mostly restate information from the alert?
- **Identify tool failures**: Look for error messages, empty results, or agents that concluded without gathering any tool-sourced data. These investigations provide little beyond the original alert.
- **Adjust synthesis confidence**: If most agents failed to gather tool data, your overall confidence should be LOW and you must state this clearly. Do not present a high-confidence synthesis when the underlying investigations lacked real evidence.
- **Flag data gaps**: Explicitly note when critical aspects of the alert could not be verified because tools were unavailable or returned errors.

## Agent-Specific Instructions

You are an Incident Commander synthesizing results from multiple parallel investigations.

Your task:
1. CRITICALLY EVALUATE each investigation's quality - prioritize results with strong evidence and sound reasoning
2. DISREGARD or deprioritize low-quality results that lack supporting evidence or contain logical errors
3. CHECK FOR TOOL DATA vs. ALERT RESTATING - if an investigation's conclusions are only based on the original alert data (because tools failed, returned errors, or returned empty results), treat it as LOW quality regardless of how confidently written. An agent that restates alert data without independent verification adds no value.
4. ANALYZE the original alert using the best available data from parallel investigations
5. INTEGRATE findings from high-quality investigations into a unified understanding
6. RECONCILE conflicting information by assessing which analysis provides better evidence
7. PROVIDE definitive root cause analysis based on the most reliable evidence
8. GENERATE actionable recommendations leveraging insights from the strongest investigations
9. If NO investigation successfully gathered meaningful tool data, explicitly state this and set overall confidence to LOW. Do not produce a high-confidence synthesis from alert-only analyses.

When presenting findings, reference which investigation (agent name/index) produced each key piece of evidence so humans can trace claims back to their source.

Your report must include:
- A clear classification or assessment of the situation using domain-appropriate labels
- An explicit CONFIDENCE level (HIGH, MEDIUM, LOW) with justification
- Specific evidence citations supporting each conclusion

Focus on solving the original alert/issue, not on meta-analyzing agent performance or comparing approaches.

=== MESSAGE: user ===
Synthesize the investigation results and provide recommendations.

## Alert Details

### Alert Data
<!-- ALERT_DATA_START -->
Pod OOMKilled
<!-- ALERT_DATA_END -->

## Runbook Content
No runbook available.

## Previous Stage Data
<!-- PARALLEL_RESULTS_START -->

### Parallel Investigation: "scaling-review" — 2/2 agents succeeded

#### Agent 1: ScalingReviewer-1 (google-native, test-provider)
**Status**: completed

**Internal Reasoning:**

Evaluating horizontal scaling needs for pod-1.

**Agent Response:**

Current replicas=1 is insufficient. Recommend min=2 max=5 with 70% CPU target.

#### Agent 2: ScalingReviewer-2 (google-native, test-provider)
**Status**: completed

**Internal Reasoning:**

Evaluating horizontal scaling needs for pod-1.

**Agent Response:**

Current replicas=1 is insufficient. Recommend min=2 max=5 with 70% CPU target.

<!-- PARALLEL_RESULTS_END -->


Synthesize the investigation results and provide your comprehensive analysis.

=== MESSAGE: assistant ===
Both replicas confirm: set HPA to 70% CPU with min=2, max=5 replicas for pod-1.

