{
  "action_taken": null,
  "actions_executed": null,
  "alert_data": "Payment service 5xx errors spiking",
  "alert_type": "test-orchestrator",
  "assignee": null,
  "author": "api-client",
  "chain_id": "orchestrator-chain",
  "chat_enabled": true,
  "chat_id": null,
  "chat_message_count": 0,
  "completed_at": "{TIMESTAMP}",
  "completed_stages": 2,
  "created_at": "{TIMESTAMP}",
  "current_stage_id": "{UUID}",
  "current_stage_index": 2,
  "duration_ms": {DURATION_MS},
  "error_message": null,
  "executive_summary": "Payment service alert: 2,847 5xx errors caused by memory pressure from recent deployment.",
  "executive_summary_error": null,
  "failed_stages": 0,
  "feedback_edited": false,
  "feedback_edited_at": null,
  "feedback_edited_by": null,
  "final_analysis": "Investigation complete: payment service has 2,847 5xx errors due to memory pressure from recent deployment. Recommend rollback and memory limit increase.",
  "has_action_stages": false,
  "has_parallel_stages": false,
  "id": "{SESSION_ID}",
  "input_tokens": 1310,
  "investigation_feedback": null,
  "latest_score": null,
  "llm_interaction_count": 6,
  "mcp_interaction_count": 4,
  "output_tokens": 195,
  "quality_rating": null,
  "review_status": "needs_review",
  "runbook_url": null,
  "score_id": null,
  "scoring_status": null,
  "stages": [
    {
      "completed_at": "{TIMESTAMP}",
      "executions": [
        {
          "agent_index": 1,
          "agent_name": "SREOrchestrator",
          "completed_at": "{TIMESTAMP}",
          "duration_ms": {DURATION_MS},
          "error_message": null,
          "execution_id": "{EXEC_ID_1}",
          "input_tokens": 1000,
          "llm_backend": "google-native",
          "llm_provider": "test-provider",
          "output_tokens": 130,
          "started_at": "{TIMESTAMP}",
          "status": "completed",
          "sub_agents": [
            {
              "agent_index": 1,
              "agent_name": "LogAnalyzer",
              "completed_at": "{TIMESTAMP}",
              "duration_ms": {DURATION_MS},
              "error_message": null,
              "execution_id": "{EXEC_ID_2}",
              "input_tokens": 300,
              "llm_backend": "google-native",
              "llm_provider": "test-provider",
              "output_tokens": 60,
              "parent_execution_id": "{EXEC_ID_1}",
              "started_at": "{TIMESTAMP}",
              "status": "completed",
              "task": "Find all error patterns in the last 30 minutes",
              "total_tokens": 360
            }
          ],
          "total_tokens": 1130
        }
      ],
      "expected_agent_count": 1,
      "id": "{STAGE_ID_1}",
      "parallel_type": null,
      "stage_index": 1,
      "stage_name": "orchestrate",
      "stage_type": "investigation",
      "started_at": null,
      "status": "completed"
    },
    {
      "completed_at": "{TIMESTAMP}",
      "executions": [
        {
          "agent_index": 1,
          "agent_name": "ExecSummaryAgent",
          "completed_at": "{TIMESTAMP}",
          "duration_ms": {DURATION_MS},
          "error_message": null,
          "execution_id": "{UUID}",
          "input_tokens": 10,
          "llm_backend": "google-native",
          "llm_provider": "test-provider",
          "output_tokens": 5,
          "started_at": "{TIMESTAMP}",
          "status": "completed",
          "total_tokens": 15
        }
      ],
      "expected_agent_count": 1,
      "id": "{UUID}",
      "parallel_type": null,
      "stage_index": 2,
      "stage_name": "Executive Summary",
      "stage_type": "exec_summary",
      "started_at": null,
      "status": "completed"
    }
  ],
  "started_at": "{TIMESTAMP}",
  "status": "completed",
  "total_stages": 2,
  "total_tokens": 1505
}
