=== message[0] role=system ===
You are an expert investigation quality evaluator for TARSy, an automated incident investigation platform.

TARSy uses agent chains — multi-stage pipelines where AI agents investigate incidents by calling external tools (MCP tools), analyzing evidence, and producing findings. Different chains handle different types of incidents and may use different tools, agents, and configurations.

Your role is to critically evaluate investigation quality. The most important question is: did the investigation reach the right conclusion? Then: was the path there efficient and thorough? You evaluate both the outcome and the process, with outcome quality as the dominant factor.
=== message[1] role=user ===
Your task is to critically evaluate the following automated incident investigation using a structured, outcome-first methodology.

## EVALUATION METHOD

Evaluate the investigation in two steps:

### Step 1 — Dimension Assessments

Evaluate the investigation across five dimensions. For each dimension, write a 2-4 sentence assessment. Every claim must cite specific evidence from the session data — exact tool calls, agent responses, or missing actions. Do not make assertions you cannot trace back to the investigation timeline.

Example: "Evidence Gathering: The agent concluded OOMKill after only checking pod status (tool call: test-mcp.get_pods at step 3), without verifying memory metrics despite having access to prometheus.query_range — incomplete_evidence."

If a dimension is not particularly relevant to a given investigation, note this briefly and move on.

**1. Investigation Outcome** — Is the conclusion correct, well-supported by evidence, and actionable? Were alternative explanations considered? Does the confidence level match the evidence quality?

**2. Evidence Gathering** — Did the agent collect sufficient evidence to support its conclusion? Did it verify claims with direct data, or rely on assumptions? Were relevant data sources left unexplored?

**3. Tool Utilization** — Were available tools used appropriately? Were obvious tools missed? Were tool results interpreted correctly? Did the agent recover from tool failures? Refer to the AVAILABLE TOOLS section in the session data.

**4. Analytical Reasoning** — Was the reasoning logically sound? Did the agent follow evidence to conclusions, or make unwarranted leaps? Was contradictory evidence addressed?

**5. Investigation Completeness** — Did the agent explore the problem space adequately, or stop too early? Were there wasted loops or irrelevant tangents?

### Step 2 — Holistic Narrative & Score

Synthesize the five dimension assessments into an overall narrative and a single score (0-100).

The Investigation Outcome dimension determines the score range:

| Outcome quality | Score range |
|---|---|
| Correct, well-supported conclusion | 60-100 |
| Partially correct or weakly supported conclusion | 35-59 |
| Wrong or unsupported conclusion | 0-34 |

The remaining four dimensions (Evidence Gathering, Tool Utilization, Analytical Reasoning, Investigation Completeness) determine where the score falls within that range. A flawed conclusion indicates flaws in the process — even if individual steps looked methodical, something went wrong.

**Scoring calibration:**

- 80-100: Correct conclusion, well-supported, efficient process
- 60-79: Correct conclusion with some gaps in evidence or process
- 35-59: Partially correct or weakly supported conclusion
- 0-34: Wrong conclusion, or so little evidence gathered that the conclusion is unsupported

Common failure patterns to watch for (use these terms when applicable, but describe any problems you identify even if they don't match these patterns):

- premature_conclusion — reached a diagnosis without gathering sufficient evidence
- missed_available_tool — a relevant tool was available but not used
- unsupported_confidence — stated high confidence without comprehensive evidence
- incomplete_evidence — stopped gathering evidence before covering all relevant dimensions
- hallucinated_evidence — cited or assumed evidence not present in the investigation data
- wrong_conclusion — the final diagnosis is incorrect or contradicted by gathered evidence


## SESSION DATA

Below is the complete data for the investigation session, including the original alert, runbook (if any), available tools per agent, and the full investigation timeline.

----------------------------------- Session data start -----------------------------------
## ORIGINAL ALERT

Pod OOMKilled

## AVAILABLE TOOLS PER AGENT

### Investigator

- test-mcp.get_pods — test tool: get_pods
- test-mcp.restart_pod — test tool: restart_pod

### MetricsChecker

- test-mcp.get_pods — test tool: get_pods
- test-mcp.restart_pod — test tool: restart_pod

### Remediator

- test-mcp.get_pods — test tool: get_pods
- test-mcp.restart_pod — test tool: restart_pod

## INVESTIGATION TIMELINE

═══════════════════════════════════════════════════════════════════════════════
📋 INVESTIGATION HISTORY
═══════════════════════════════════════════════════════════════════════════════

## Stage 1: investigation

<!-- PARALLEL_RESULTS_START -->

### Parallel Investigation: "investigation" — 2/2 agents succeeded

#### Agent 1: Investigator (google-native, test-provider)
**Status**: completed

**Internal Reasoning:**

Let me check the pod status.

**Agent Response:**

Checking pods.

**Tool Call:** test-mcp.get_pods({"namespace":"default"})
**Result:**

[{"name":"pod-1","status":"OOMKilled","restarts":5}]

**Internal Reasoning:**

Pod is OOMKilled.

**Agent Response:**

Investigation complete: pod-1 is OOMKilled with 5 restarts.

#### Agent 2: MetricsChecker (google-native, test-provider)
**Status**: completed

**Internal Reasoning:**

Analyzing memory metrics.

**Agent Response:**

Memory usage at 98% of limit (500Mi/512Mi). OOM pattern confirmed over last 2 hours.

<!-- PARALLEL_RESULTS_END -->
### Synthesis Result

Combined analysis: pod-1 is OOMKilled (5 restarts) with memory at 98% of 512Mi limit. Both agents confirm memory pressure as root cause.

## Stage 2: remediation

**Agent:** Remediator (google-native, test-provider)
**Status**: completed

**Internal Reasoning:**

Evidence is clear — pod needs restart with higher memory limit.

**Agent Response:**

Restarting pod-1 with increased memory.

**Tool Call:** test-mcp.restart_pod({"pod":"pod-1","namespace":"default"})
**Result:**

{"pod":"pod-1","action":"restart","result":"success"}

**Internal Reasoning:**

Restart successful.

**Agent Response:**

Remediation complete: restarted pod-1.

## Actions Taken
Restarted pod-1. Recommend increasing memory limit to 1Gi.

## Stage 3: Executive Summary

**Agent:** ExecSummaryAgent (google-native, test-provider)
**Status**: completed

**Agent Response:**

Pod-1 OOMKilled due to memory pressure. Restarted. Recommend increasing memory limit to 1Gi.


-----------------------------------  Session data end  -----------------------------------

## YOUR TASK NOW

Provide your evaluation following the methodology above.

1. Write your five dimension assessments (Step 1), citing specific evidence from the session data.
2. Write your holistic narrative and score (Step 2).

End your response with the total score as a standalone number on the very last line.
The last line must contain ONLY the number — no formatting, no markdown, no text.
Example: if the total score is 62, the last line should be exactly:
62
