{
  "created_at": "{TIMESTAMP}",
  "id": "{INTERACTION_ID_3}",
  "interaction_type": "tool_list",
  "server_name": ""
}

=== AVAILABLE_TOOLS ===
[
  {
    "description": "Search distilled knowledge from past investigations — reusable patterns, procedures, environment quirks, and anti-patterns. Use for situational questions like 'what do we know about this type of workload?', 'how should I handle this category of alert?', or 'what are common false positives here?'. Returns generalized learnings, NOT specific investigation history — will not find particular users, namespaces, or session details.",
    "name": "recall_past_investigations"
  }
]
