{
  "created_at": "{TIMESTAMP}",
  "duration_ms": {DURATION_MS},
  "id": "{INTERACTION_ID_10}",
  "input_tokens": 600,
  "interaction_type": "memory_extraction",
  "llm_request": {
    "iteration": 1,
    "messages_count": 2
  },
  "llm_response": {
    "text_length": 149,
    "tool_calls_count": 0
  },
  "model_name": "test-model",
  "output_tokens": 80,
  "total_tokens": 680
}

=== MESSAGE: system ===
You are a memory extraction specialist for TARSy, an automated incident investigation platform.

TARSy uses agent chains — multi-stage pipelines where AI agents investigate incidents by
calling external tools (MCP tools), analyzing evidence, and producing findings. Different
chains handle different types of incidents and may use different tools, agents, and
configurations. Agents are expert Site Reliability Engineers with access to infrastructure
tools (Kubernetes, Prometheus, cloud APIs, log systems, etc.).

After each investigation, a quality evaluator scores the session (0-100) based on outcome
correctness, evidence gathering, tool utilization, analytical reasoning, and completeness.
It also produces failure tags and a tool improvement report.

Your role is to analyze the full investigation and its quality evaluation to extract discrete,
reusable learnings that will help future investigations of similar alerts. You receive:
- The original alert and runbook
- The full investigation timeline, which includes:
  - Pre-loaded skills (domain knowledge injected into the agent's prompt before investigation)
  - Agent reasoning, tool calls with arguments and results, final analysis
- The quality score, analysis, failure tags, and tool improvement report
- Existing memories from past investigations (for deduplication)

## Memory Categories

Each learning falls into one category:

- **semantic** — Facts about infrastructure, services, alert patterns, or environment behavior.
  Example: "The payments-api service connects to PostgreSQL on port 5432 via PgBouncer, not
  directly — connection timeout alerts should check PgBouncer health first."

- **episodic** — Specific investigation experiences: what approach worked, what failed, what
  was surprising. Tied to a concrete event.
  Example: "When investigating OOMKill in the order-processor pod, checking the Prometheus
  container_memory_working_set_bytes metric was more reliable than container_memory_usage_bytes
  because the latter includes cache."

- **procedural** — Investigation strategies, tool usage patterns, or anti-patterns that apply
  across multiple investigations.
  Example: "For certificate expiry alerts, always check both the ingress certificate and the
  backend service certificate — they can expire independently."

## Memory Valence

- **positive** — A pattern that worked well and should be repeated.
- **negative** — A mistake, dead end, or anti-pattern to avoid in the future.
- **neutral** — A factual observation with no clear positive/negative implication.

## Extraction Boundaries

The following do NOT belong in memories and must NOT be extracted:

- **Tool limitations, bugs, and workarounds.** If a tool returned an error, timed out, or
  required a non-obvious workaround, that is a tooling issue — not a learning for future
  investigations. These belong in tool improvement reports, skills, or runbook updates.
- **Domain-generic procedures.** Investigation steps that apply to every alert of a given type
  (e.g., "always check logs first") belong in skills or runbooks, not memories. Memories are
  for specific, surprising, or non-obvious findings.
- **Speculative findings.** Only extract learnings confirmed by tool output or concrete
  evidence from the investigation. Do not extract guesses, hypotheses, or unverified theories.
- **Skill content.** If a learning is already covered by the agent's skills (visible in the
  investigation timeline as pre-loaded or dynamically loaded via `load_skill`), do not extract
  it — the agent already knows it.

Aim for **0–3 new memories** per investigation. Most investigations confirm existing knowledge
rather than produce new learnings — reinforcing existing memories or returning empty arrays is
the expected outcome, not the exception. Exceeding 3 creates should be rare and justified by
a genuinely rich investigation. When in doubt, reinforce an existing memory rather than
creating a near-duplicate.

If there is nothing to create, reinforce, or deprecate, return the JSON structure with all
empty arrays: {"create": [], "reinforce": [], "deprecate": []}. This is the correct response
for routine investigations — do not invent learnings to fill the output.

## Quality Guidelines

- Extract only learnings that would **concretely help** a future investigation. Ask: "If an
  agent saw this memory before investigating a similar alert, would it change what it does?"
- Ground every learning in **specific evidence** from the investigation — tool call results,
  agent reasoning, or scoring critique. Do not extract generic SRE knowledge the agent already
  has.
- Prefer **specific and actionable** over vague and general. "Check PgBouncer health before
  blaming the database" is better than "Consider all components in the request path."
- Negative learnings from mistakes are especially valuable — they prevent repeating errors.

=== MESSAGE: user ===
Below is a completed TARSy investigation and its quality evaluation. Extract discrete
learnings for future investigations.

## Investigation

<investigation_context>
## ORIGINAL ALERT

Pod OOMKilled in production

## AVAILABLE TOOLS PER AGENT

### Investigator

- .recall_past_investigations — Search distilled knowledge from past investigations — reusable patterns, procedures, environment quirks, and anti-patterns. Use for situational questions like 'what do we know about this type of workload?', 'how should I handle this category of alert?', or 'what are common false positives here?'. Returns generalized learnings, NOT specific investigation history — will not find particular users, namespaces, or session details.
- test-mcp.get_pods — test tool: get_pods

## INVESTIGATION TIMELINE

═══════════════════════════════════════════════════════════════════════════════
📋 INVESTIGATION HISTORY
═══════════════════════════════════════════════════════════════════════════════

## Stage 1: investigation

**Agent:** Investigator (google-native, test-provider)
**Status**: completed

**Internal Reasoning:**

Let me check the pod status.

**Agent Response:**

Checking pods.

**Tool Call:** test-mcp.get_pods({"namespace":"default"})
**Result:**

[{"name":"pod-1","status":"OOMKilled","restarts":5}]

**Internal Reasoning:**

Pod is OOMKilled.

**Agent Response:**

Investigation complete: pod-1 is OOMKilled with 5 restarts.

## Stage 2: Executive Summary

**Agent:** ExecSummaryAgent (google-native, test-provider)
**Status**: completed

**Agent Response:**

Pod-1 OOMKilled due to memory pressure. Recommend increasing memory limit.


</investigation_context>

## Quality Evaluation

Score: 70/100
Failure tags: incomplete_evidence

<score_analysis>
## Dimension Assessments

**Investigation Outcome:** Correct conclusion.

**Evidence Gathering:** incomplete_evidence — no memory metrics checked.

## Overall Assessment

Correct conclusion with gaps.

</score_analysis>

<tool_improvement_report>
## Missing Tools

1. **get_memory_metrics** — Fetch memory usage.
</tool_improvement_report>

## Existing Memories

These memories were previously extracted from past investigations in this project. Use them
to avoid creating duplicates and to decide what to reinforce or deprecate.

<existing_memories>
[]
</existing_memories>

## Your Task

For each learning you identify, select one or more actions:
- **CREATE**: Genuinely new knowledge not covered by existing memories.
- **REINFORCE**: An existing memory is confirmed by this investigation — return its ID.
- **DEPRECATE**: An existing memory is contradicted or proven outdated — return its ID with
  a reason.

When an existing memory is contradicted, emit both a DEPRECATE for the stale memory and a
CREATE for the corrected replacement.

Alert context for scoping:
- Alert type: test-memory-reflector
- Chain: memory-reflector-chain

Respond with a JSON object (and nothing else):
{
  "create": [
    {
      "content": "string — the learning (a sentence to a short paragraph)",
      "category": "semantic | episodic | procedural",
      "valence": "positive | negative | neutral"
    }
  ],
  "reinforce": [
    {
      "memory_id": "string — ID of existing memory to reinforce"
    }
  ],
  "deprecate": [
    {
      "memory_id": "string — ID of existing memory to deprecate",
      "reason": "string — why this memory is no longer valid"
    }
  ]
}

=== MESSAGE: assistant ===
{"create":[{"content":"OOMKilled pods need memory metrics verification","category":"procedural","valence":"positive"}],"reinforce":[],"deprecate":[]}

