{
  "session_interactions": [],
  "stages": [
    {
      "executions": [
        {
          "agent_name": "MemoryInvestigator",
          "execution_id": "{EXEC_ID_1}",
          "llm_interactions": [
            {
              "created_at": "{TIMESTAMP}",
              "duration_ms": {DURATION_MS},
              "id": "{INTERACTION_ID_1}",
              "input_tokens": 100,
              "interaction_type": "iteration",
              "model_name": "test-model",
              "output_tokens": 30,
              "total_tokens": 130
            }
          ],
          "mcp_interactions": [
            {
              "created_at": "{TIMESTAMP}",
              "id": "{INTERACTION_ID_2}",
              "interaction_type": "tool_list",
              "server_name": ""
            }
          ]
        }
      ],
      "stage_id": "{STAGE_ID_1}",
      "stage_name": "investigation",
      "stage_type": "investigation"
    },
    {
      "executions": [
        {
          "agent_name": "ExecSummaryAgent",
          "execution_id": "{EXEC_ID_2}",
          "llm_interactions": [
            {
              "created_at": "{TIMESTAMP}",
              "duration_ms": {DURATION_MS},
              "id": "{INTERACTION_ID_3}",
              "input_tokens": 10,
              "interaction_type": "executive_summary",
              "model_name": "test-model",
              "output_tokens": 5,
              "total_tokens": 15
            }
          ],
          "mcp_interactions": []
        }
      ],
      "stage_id": "{STAGE_ID_2}",
      "stage_name": "Executive Summary",
      "stage_type": "exec_summary"
    },
    {
      "executions": [
        {
          "agent_name": "ChatAgent",
          "execution_id": "{EXEC_ID_3}",
          "llm_interactions": [
            {
              "created_at": "{TIMESTAMP}",
              "duration_ms": {DURATION_MS},
              "id": "{INTERACTION_ID_4}",
              "input_tokens": 100,
              "interaction_type": "iteration",
              "model_name": "test-model",
              "output_tokens": 30,
              "total_tokens": 130
            },
            {
              "created_at": "{TIMESTAMP}",
              "duration_ms": {DURATION_MS},
              "id": "{INTERACTION_ID_5}",
              "input_tokens": 150,
              "interaction_type": "iteration",
              "model_name": "test-model",
              "output_tokens": 30,
              "total_tokens": 180
            }
          ],
          "mcp_interactions": [
            {
              "created_at": "{TIMESTAMP}",
              "id": "{INTERACTION_ID_6}",
              "interaction_type": "tool_list",
              "server_name": ""
            },
            {
              "created_at": "{TIMESTAMP}",
              "duration_ms": {DURATION_MS},
              "id": "{INTERACTION_ID_7}",
              "interaction_type": "tool_call",
              "server_name": "",
              "tool_name": "search_past_sessions"
            }
          ]
        }
      ],
      "stage_id": "{STAGE_ID_3}",
      "stage_name": "Chat",
      "stage_type": "chat"
    }
  ]
}
