{
  "action_taken": null,
  "actions_executed": null,
  "alert_data": "Pod OOMKilled",
  "alert_type": "test-alert",
  "assignee": null,
  "author": "api-client",
  "chain_id": "test-chain",
  "chat_enabled": true,
  "chat_id": "{UUID}",
  "chat_message_count": 2,
  "completed_at": "{TIMESTAMP}",
  "completed_stages": 9,
  "created_at": "{TIMESTAMP}",
  "current_stage_id": "{STAGE_ID_7}",
  "current_stage_index": 7,
  "duration_ms": {DURATION_MS},
  "error_message": null,
  "executive_summary": "Pod-1 OOM killed due to memory leak. Recommend increasing memory limit.",
  "executive_summary_error": null,
  "failed_stages": 0,
  "feedback_edited": false,
  "feedback_edited_at": null,
  "feedback_edited_by": null,
  "final_analysis": "Both replicas confirm: set HPA to 70% CPU with min=2, max=5 replicas for pod-1.",
  "has_action_stages": false,
  "has_parallel_stages": true,
  "id": "{SESSION_ID}",
  "input_tokens": 2110,
  "investigation_feedback": null,
  "latest_score": null,
  "llm_interaction_count": 22,
  "mcp_interaction_count": 21,
  "output_tokens": 445,
  "quality_rating": null,
  "review_status": "needs_review",
  "runbook_url": null,
  "score_id": null,
  "scoring_status": null,
  "stages": [
    {
      "completed_at": "{TIMESTAMP}",
      "executions": [
        {
          "agent_index": 1,
          "agent_name": "DataCollector",
          "completed_at": "{TIMESTAMP}",
          "duration_ms": {DURATION_MS},
          "error_message": null,
          "execution_id": "{EXEC_ID_1}",
          "input_tokens": 460,
          "llm_backend": "google-native",
          "llm_provider": "test-provider",
          "output_tokens": 115,
          "started_at": "{TIMESTAMP}",
          "status": "completed",
          "total_tokens": 575
        }
      ],
      "expected_agent_count": 1,
      "id": "{STAGE_ID_1}",
      "parallel_type": null,
      "stage_index": 1,
      "stage_name": "investigation",
      "stage_type": "investigation",
      "started_at": null,
      "status": "completed"
    },
    {
      "completed_at": "{TIMESTAMP}",
      "executions": [
        {
          "agent_index": 1,
          "agent_name": "Remediator",
          "completed_at": "{TIMESTAMP}",
          "duration_ms": {DURATION_MS},
          "error_message": null,
          "execution_id": "{EXEC_ID_2}",
          "input_tokens": 40,
          "llm_backend": "langchain",
          "llm_provider": "test-provider",
          "output_tokens": 20,
          "started_at": "{TIMESTAMP}",
          "status": "completed",
          "total_tokens": 60
        }
      ],
      "expected_agent_count": 1,
      "id": "{STAGE_ID_2}",
      "parallel_type": null,
      "stage_index": 2,
      "stage_name": "remediation",
      "stage_type": "investigation",
      "started_at": null,
      "status": "completed"
    },
    {
      "completed_at": "{TIMESTAMP}",
      "executions": [
        {
          "agent_index": 1,
          "agent_name": "ConfigValidator",
          "completed_at": "{TIMESTAMP}",
          "duration_ms": {DURATION_MS},
          "error_message": null,
          "execution_id": "{EXEC_ID_3}",
          "input_tokens": 20,
          "llm_backend": "langchain",
          "llm_provider": "test-provider",
          "output_tokens": 10,
          "started_at": "{TIMESTAMP}",
          "status": "completed",
          "total_tokens": 30
        },
        {
          "agent_index": 2,
          "agent_name": "MetricsValidator",
          "completed_at": "{TIMESTAMP}",
          "duration_ms": {DURATION_MS},
          "error_message": null,
          "execution_id": "{EXEC_ID_4}",
          "input_tokens": 180,
          "llm_backend": "google-native",
          "llm_provider": "test-provider",
          "output_tokens": 50,
          "started_at": "{TIMESTAMP}",
          "status": "completed",
          "total_tokens": 230
        }
      ],
      "expected_agent_count": 2,
      "id": "{STAGE_ID_3}",
      "parallel_type": "multi_agent",
      "stage_index": 3,
      "stage_name": "validation",
      "stage_type": "investigation",
      "started_at": null,
      "status": "completed"
    },
    {
      "completed_at": "{TIMESTAMP}",
      "executions": [
        {
          "agent_index": 1,
          "agent_name": "SynthesisAgent",
          "completed_at": "{TIMESTAMP}",
          "duration_ms": {DURATION_MS},
          "error_message": null,
          "execution_id": "{EXEC_ID_5}",
          "input_tokens": 120,
          "llm_backend": "google-native",
          "llm_provider": "test-provider",
          "output_tokens": 40,
          "started_at": "{TIMESTAMP}",
          "status": "completed",
          "total_tokens": 160
        }
      ],
      "expected_agent_count": 1,
      "id": "{STAGE_ID_4}",
      "parallel_type": null,
      "referenced_stage_id": "{STAGE_ID_3}",
      "stage_index": 4,
      "stage_name": "validation - Synthesis",
      "stage_type": "synthesis",
      "started_at": null,
      "status": "completed"
    },
    {
      "completed_at": "{TIMESTAMP}",
      "executions": [
        {
          "agent_index": 1,
          "agent_name": "ScalingReviewer-1",
          "completed_at": "{TIMESTAMP}",
          "duration_ms": {DURATION_MS},
          "error_message": null,
          "execution_id": "{EXEC_ID_6}",
          "input_tokens": 80,
          "llm_backend": "google-native",
          "llm_provider": "test-provider",
          "output_tokens": 25,
          "started_at": "{TIMESTAMP}",
          "status": "completed",
          "total_tokens": 105
        },
        {
          "agent_index": 2,
          "agent_name": "ScalingReviewer-2",
          "completed_at": "{TIMESTAMP}",
          "duration_ms": {DURATION_MS},
          "error_message": null,
          "execution_id": "{EXEC_ID_7}",
          "input_tokens": 80,
          "llm_backend": "google-native",
          "llm_provider": "test-provider",
          "output_tokens": 25,
          "started_at": "{TIMESTAMP}",
          "status": "completed",
          "total_tokens": 105
        }
      ],
      "expected_agent_count": 2,
      "id": "{STAGE_ID_5}",
      "parallel_type": "replica",
      "stage_index": 5,
      "stage_name": "scaling-review",
      "stage_type": "investigation",
      "started_at": null,
      "status": "completed"
    },
    {
      "completed_at": "{TIMESTAMP}",
      "executions": [
        {
          "agent_index": 1,
          "agent_name": "SynthesisAgent",
          "completed_at": "{TIMESTAMP}",
          "duration_ms": {DURATION_MS},
          "error_message": null,
          "execution_id": "{EXEC_ID_8}",
          "input_tokens": 10,
          "llm_backend": "langchain",
          "llm_provider": "test-provider-fast",
          "output_tokens": 5,
          "started_at": "{TIMESTAMP}",
          "status": "completed",
          "total_tokens": 15
        }
      ],
      "expected_agent_count": 1,
      "id": "{STAGE_ID_6}",
      "parallel_type": null,
      "referenced_stage_id": "{STAGE_ID_5}",
      "stage_index": 6,
      "stage_name": "scaling-review - Synthesis",
      "stage_type": "synthesis",
      "started_at": null,
      "status": "completed"
    },
    {
      "completed_at": "{TIMESTAMP}",
      "executions": [
        {
          "agent_index": 1,
          "agent_name": "ExecSummaryAgent",
          "completed_at": "{TIMESTAMP}",
          "duration_ms": {DURATION_MS},
          "error_message": null,
          "execution_id": "{EXEC_ID_9}",
          "input_tokens": 10,
          "llm_backend": "google-native",
          "llm_provider": "test-provider-fast",
          "output_tokens": 5,
          "started_at": "{TIMESTAMP}",
          "status": "completed",
          "total_tokens": 15
        }
      ],
      "expected_agent_count": 1,
      "id": "{STAGE_ID_7}",
      "parallel_type": null,
      "stage_index": 7,
      "stage_name": "Executive Summary",
      "stage_type": "exec_summary",
      "started_at": null,
      "status": "completed"
    },
    {
      "completed_at": "{TIMESTAMP}",
      "executions": [
        {
          "agent_index": 1,
          "agent_name": "ChatAgent",
          "completed_at": "{TIMESTAMP}",
          "duration_ms": {DURATION_MS},
          "error_message": null,
          "execution_id": "{EXEC_ID_10}",
          "input_tokens": 460,
          "llm_backend": "google-native",
          "llm_provider": "test-provider",
          "output_tokens": 85,
          "started_at": "{TIMESTAMP}",
          "status": "completed",
          "total_tokens": 545
        }
      ],
      "expected_agent_count": 1,
      "id": "{STAGE_ID_8}",
      "parallel_type": null,
      "stage_index": 8,
      "stage_name": "Chat",
      "stage_type": "chat",
      "started_at": null,
      "status": "completed"
    },
    {
      "completed_at": "{TIMESTAMP}",
      "executions": [
        {
          "agent_index": 1,
          "agent_name": "ChatAgent",
          "completed_at": "{TIMESTAMP}",
          "duration_ms": {DURATION_MS},
          "error_message": null,
          "execution_id": "{EXEC_ID_11}",
          "input_tokens": 650,
          "llm_backend": "google-native",
          "llm_provider": "test-provider",
          "output_tokens": 65,
          "started_at": "{TIMESTAMP}",
          "status": "completed",
          "total_tokens": 715
        }
      ],
      "expected_agent_count": 1,
      "id": "{STAGE_ID_9}",
      "parallel_type": null,
      "stage_index": 9,
      "stage_name": "Chat",
      "stage_type": "chat",
      "started_at": null,
      "status": "completed"
    }
  ],
  "started_at": "{TIMESTAMP}",
  "status": "completed",
  "total_stages": 9,
  "total_tokens": 2555
}
