{
  "action_taken": null,
  "actions_executed": null,
  "alert_data": "Pod OOMKilled in production",
  "alert_type": "test-skills",
  "assignee": null,
  "author": "api-client",
  "chain_id": "skills-chain",
  "chat_enabled": true,
  "chat_id": "{UUID}",
  "chat_message_count": 1,
  "completed_at": "{TIMESTAMP}",
  "completed_stages": 4,
  "created_at": "{TIMESTAMP}",
  "current_stage_id": "{STAGE_ID_3}",
  "current_stage_index": 3,
  "duration_ms": {DURATION_MS},
  "error_message": null,
  "executive_summary": "Pod-1 OOM killed. Memory limit increase to 1Gi recommended.",
  "executive_summary_error": null,
  "failed_stages": 0,
  "feedback_edited": false,
  "final_analysis": "Remediation: increase memory limit for pod-1 to 1Gi.",
  "has_action_stages": false,
  "has_parallel_stages": false,
  "id": "{SESSION_ID}",
  "input_tokens": 1010,
  "investigation_feedback": null,
  "latest_score": null,
  "llm_interaction_count": 7,
  "mcp_interaction_count": 9,
  "output_tokens": 200,
  "quality_rating": null,
  "review_status": "needs_review",
  "runbook_url": null,
  "score_id": null,
  "scoring_status": null,
  "stages": [
    {
      "completed_at": "{TIMESTAMP}",
      "executions": [
        {
          "agent_index": 1,
          "agent_name": "SkillInvestigator",
          "completed_at": "{TIMESTAMP}",
          "duration_ms": {DURATION_MS},
          "error_message": null,
          "execution_id": "{EXEC_ID_1}",
          "input_tokens": 450,
          "llm_backend": "google-native",
          "llm_provider": "test-provider",
          "output_tokens": 100,
          "started_at": "{TIMESTAMP}",
          "status": "completed",
          "total_tokens": 550
        }
      ],
      "expected_agent_count": 1,
      "id": "{STAGE_ID_1}",
      "parallel_type": null,
      "stage_index": 1,
      "stage_name": "investigation",
      "stage_type": "investigation",
      "started_at": null,
      "status": "completed"
    },
    {
      "completed_at": "{TIMESTAMP}",
      "executions": [
        {
          "agent_index": 1,
          "agent_name": "SkillRemediator",
          "completed_at": "{TIMESTAMP}",
          "duration_ms": {DURATION_MS},
          "error_message": null,
          "execution_id": "{EXEC_ID_2}",
          "input_tokens": 100,
          "llm_backend": "google-native",
          "llm_provider": "test-provider",
          "output_tokens": 30,
          "started_at": "{TIMESTAMP}",
          "status": "completed",
          "total_tokens": 130
        }
      ],
      "expected_agent_count": 1,
      "id": "{STAGE_ID_2}",
      "parallel_type": null,
      "stage_index": 2,
      "stage_name": "remediation",
      "stage_type": "investigation",
      "started_at": null,
      "status": "completed"
    },
    {
      "completed_at": "{TIMESTAMP}",
      "executions": [
        {
          "agent_index": 1,
          "agent_name": "ExecSummaryAgent",
          "completed_at": "{TIMESTAMP}",
          "duration_ms": {DURATION_MS},
          "error_message": null,
          "execution_id": "{EXEC_ID_3}",
          "input_tokens": 10,
          "llm_backend": "google-native",
          "llm_provider": "test-provider",
          "output_tokens": 5,
          "started_at": "{TIMESTAMP}",
          "status": "completed",
          "total_tokens": 15
        }
      ],
      "expected_agent_count": 1,
      "id": "{STAGE_ID_3}",
      "parallel_type": null,
      "stage_index": 3,
      "stage_name": "Executive Summary",
      "stage_type": "exec_summary",
      "started_at": null,
      "status": "completed"
    },
    {
      "completed_at": "{TIMESTAMP}",
      "executions": [
        {
          "agent_index": 1,
          "agent_name": "ChatAgent",
          "completed_at": "{TIMESTAMP}",
          "duration_ms": {DURATION_MS},
          "error_message": null,
          "execution_id": "{EXEC_ID_4}",
          "input_tokens": 450,
          "llm_backend": "google-native",
          "llm_provider": "test-provider",
          "output_tokens": 65,
          "started_at": "{TIMESTAMP}",
          "status": "completed",
          "total_tokens": 515
        }
      ],
      "expected_agent_count": 1,
      "id": "{STAGE_ID_4}",
      "parallel_type": null,
      "stage_index": 4,
      "stage_name": "Chat",
      "stage_type": "chat",
      "started_at": null,
      "status": "completed"
    }
  ],
  "started_at": "{TIMESTAMP}",
  "status": "completed",
  "total_stages": 4,
  "total_tokens": 1210
}
