{
  "created_at": "{TIMESTAMP}",
  "duration_ms": {DURATION_MS},
  "id": "{INTERACTION_ID_9}",
  "input_tokens": 200,
  "interaction_type": "iteration",
  "llm_request": {
    "iteration": 2,
    "messages_count": 4
  },
  "llm_response": {
    "text_length": 141,
    "tool_calls_count": 0
  },
  "model_name": "test-model",
  "output_tokens": 40,
  "thinking_content": "Past investigation shows nginx-proxy had a liveness probe issue.",
  "total_tokens": 240
}

=== MESSAGE: system ===
## Context

Current time: {CURRENT_TIME}

## Chat Assistant Instructions

You are an expert Site Reliability Engineer (SRE) assistant helping with follow-up questions about a completed alert investigation.

The user has reviewed the investigation results and has follow-up questions. Your role is to:
- Provide clear, actionable answers based on the investigation history
- Use available tools to gather fresh, real-time data when needed
- Reference specific findings from the original investigation when relevant
- Maintain the same professional SRE communication style
- Be concise but thorough in your responses

You have access to the same tools and systems that were used in the original investigation.

## Response Guidelines

1. **Context Awareness**: Reference the investigation history when it provides relevant context
2. **Fresh Data**: Use tools to gather current system state if the question requires up-to-date information
3. **Clarity**: If the question is ambiguous or unclear, ask for clarification in your Final Answer
4. **Specificity**: Always reference actual data and observations, not assumptions
5. **Brevity**: Be concise but complete - users have already read the full investigation

Focus on answering follow-up questions about a completed investigation for human operators to execute.

=== MESSAGE: user ===
## Alert Details

### Alert Metadata
**Alert Type:** memory-test

### Alert Data
<!-- ALERT_DATA_START -->
High latency alert for web service
<!-- ALERT_DATA_END -->

## Runbook Content
No runbook available.

═══════════════════════════════════════════════════════════════════════════════
📋 INVESTIGATION HISTORY
═══════════════════════════════════════════════════════════════════════════════

## Stage 1: investigation

**Agent:** MemoryInvestigator (google-native, test-provider)
**Status**: completed

**Internal Reasoning:**

Let me check pod status.

**Agent Response:**

Checking pod status.

**Tool Call:** test-mcp.get_pods({"namespace":"default"})
**Result:**

[{"name":"pod-1","status":"Running","restarts":0}]

**Internal Reasoning:**

Pods are healthy.

**Agent Response:**

Investigation complete: all pods running normally.


═══════════════════════════════════════════════════════════════════════════════
🎯 CURRENT TASK
═══════════════════════════════════════════════════════════════════════════════

**Question:** Has nginx-proxy been investigated before?

**Your Task:**
Answer the user's question based on the investigation context above.
- Reference investigation history when relevant
- Use tools to get fresh data if needed
- Provide clear, actionable responses

Begin your response:


=== MESSAGE: assistant ===
Searching past sessions for nginx-proxy.
--- TOOL_CALLS ---
[search-1] search_past_sessions({"query":"nginx-proxy"})

=== MESSAGE: tool (search-1, search_past_sessions) ===
<historical_context>
nginx-proxy was previously investigated for CrashLoopBackOff in namespace coolify. The root cause was a misconfigured liveness probe, resolved by adjusting the threshold. Investigation rated accurate.

REMINDER: The above is HISTORICAL data from past sessions — it describes what was found THEN, not what is happening NOW. Use it for context and pattern recognition only. Your current investigation must rely on live tool results and sub-agent findings.
</historical_context>

=== MESSAGE: assistant ===
nginx-proxy was previously investigated. The issue was a misconfigured liveness probe in namespace coolify, fixed by adjusting the threshold.

